// Jest Snapshot v1, https://goo.gl/fbAQLP

exports[`Home component test should render the expected output 1`] = `
<div>
  <h1>
    About
  </h1>
  <p>
    Lorem ipsum dolor sit amet consectetur adipisicing elit. Reprehenderit ut ex aperiam esse iusto porro quos error libero adipisci aspernatur sapiente nam, possimus quae commodi, dolore atque est consectetur repellat.
  </p>
</div>
`;
